// Jest Snapshot v1, https://goo.gl/fbAQLP

exports[`renders homepage unchanged 1`] = `
<div>
  <div
    class="flex flex-col w-64 mx-auto"
  >
    <h1
      class="text-black font-bold text-lg "
    >
      Weather
    </h1>
    <form
      class="flex flex-col"
    >
      <input
        class="px-4 py-2 border-2 mt-5 mb-2 border-solid border-[#10a37f] rounded placeholder:text-[#8e8ea0] placeholder:opacity:100"
        type="text"
        value=""
      />
      <input
        class="bg-[#10a37f] text-white rounded px-4 py-2 cursor-pointer hover:bg-[#106852]"
        type="submit"
        value="Get Weather Data"
      />
    </form>
  </div>
</div>
`;
